// Jest Snapshot v1, https://goo.gl/fbAQLP

exports[`should render NotFound correctly 1`] = `
<p>
  404 SEND HELP - go back to 
  <Link
    to="/"
  >
    home
  </Link>
</p>
`;
